---
source: crates/decman-lib/src/catalog/proposals/credential.rs
expression: "OfferFreeCredential\n{\n    user_service_cid: \"00usc\".to_string(), holder: cid(\"holder\"), id:\n    \"cred-1\".to_string(), description: \"free cred\".to_string(), claims:\n    vec![claim()],\n}.to_daml_proto().unwrap()"
---
Value {
    sum: Some(
        Record(
            Record {
                record_id: None,
                fields: [
                    RecordField {
                        label: "userServiceCid",
                        value: Some(
                            Value {
                                sum: Some(
                                    ContractId(
                                        "00usc",
                                    ),
                                ),
                            },
                        ),
                    },
                    RecordField {
                        label: "holder",
                        value: Some(
                            Value {
                                sum: Some(
                                    Party(
                                        "holder::1220c4010d6883f367c7f45d55b2449501620130f9b21e96379f17dea455ac7a5892",
                                    ),
                                ),
                            },
                        ),
                    },
                    RecordField {
                        label: "id",
                        value: Some(
                            Value {
                                sum: Some(
                                    Text(
                                        "cred-1",
                                    ),
                                ),
                            },
                        ),
                    },
                    RecordField {
                        label: "description",
                        value: Some(
                            Value {
                                sum: Some(
                                    Text(
                                        "free cred",
                                    ),
                                ),
                            },
                        ),
                    },
                    RecordField {
                        label: "claims",
                        value: Some(
                            Value {
                                sum: Some(
                                    List(
                                        List {
                                            elements: [
                                                Value {
                                                    sum: Some(
                                                        Record(
                                                            Record {
                                                                record_id: None,
                                                                fields: [
                                                                    RecordField {
                                                                        label: "subject",
                                                                        value: Some(
                                                                            Value {
                                                                                sum: Some(
                                                                                    Text(
                                                                                        "s",
                                                                                    ),
                                                                                ),
                                                                            },
                                                                        ),
                                                                    },
                                                                    RecordField {
                                                                        label: "property",
                                                                        value: Some(
                                                                            Value {
                                                                                sum: Some(
                                                                                    Text(
                                                                                        "p",
                                                                                    ),
                                                                                ),
                                                                            },
                                                                        ),
                                                                    },
                                                                    RecordField {
                                                                        label: "value",
                                                                        value: Some(
                                                                            Value {
                                                                                sum: Some(
                                                                                    Text(
                                                                                        "v",
                                                                                    ),
                                                                                ),
                                                                            },
                                                                        ),
                                                                    },
                                                                ],
                                                            },
                                                        ),
                                                    ),
                                                },
                                            ],
                                        },
                                    ),
                                ),
                            },
                        ),
                    },
                ],
            },
        ),
    ),
}
